// Jest Snapshot v1, https://goo.gl/fbAQLP

exports[`Necesito enviar un remes 1`] = `
Object {
  "actions": Array [],
  "components": Array [
    Object {
      "buttonType": "web_url",
      "buttons": Array [
        Object {
          "title": "Aquí",
          "url": "https://enviosdedineroabancoindustrial.com/#enviar_dinero",
        },
      ],
      "response_index": 0,
      "response_type": "button",
      "text": "Conoce más de nuestras remesas.",
    },
    Object {
      "response_type": "pause",
      "time": 10000,
      "typing": true,
    },
  ],
}
`;
