// Jest Snapshot v1, https://goo.gl/fbAQLP

exports[`Quiero hacer una transferencia movil. 1`] = `
Object {
  "actions": Array [],
  "components": Array [
    Object {
      "buttonType": "web_url",
      "buttons": Array [
        Object {
          "title": "Conoce más aquí",
          "url": "https://www.corporacionbi.com/gt/bancoindustrial/transferencias-moviles-5071",
        },
      ],
      "response_index": 0,
      "response_type": "button",
      "text": "Transferencias Móviles es el servicio gratuito que te permite enviar dinero en efectivo a cualquier persona que tenga un celular sin necesidad que tenga una Cuenta Bi.",
    },
    Object {
      "response_type": "pause",
      "time": 10000,
      "typing": true,
    },
  ],
}
`;
