// Jest Snapshot v1, https://goo.gl/fbAQLP

exports[`Donde me puedo quejar.. 1`] = `
Object {
  "actions": Array [],
  "components": Array [
    Object {
      "response_type": "text",
      "text": "Puedes comunicarte con nosotros llamando al número 2411-6010 en donde agentes especializados con gusto te escucharán y resolverán todos tus comentarios.",
    },
    Object {
      "response_type": "pause",
      "time": 10000,
      "typing": true,
    },
  ],
}
`;
