// Jest Snapshot v1, https://goo.gl/fbAQLP

exports[`Actualizar mi contraseña. 1`] = `
Object {
  "actions": Array [],
  "components": Array [
    Object {
      "response_type": "text",
      "text": "Puedes reiniciar tu contraseña de Bi en Línea ingresando a la opción \\"Olvidé mi contraseña\\" desde la web o App. En caso no tengas tu número celular actualizado en el perfil de seguridad, puedes ingresar a nuestro Whatsapp Bi 2411-6000.",
    },
    Object {
      "elements": Array [
        Object {
          "buttons": Array [
            Object {
              "title": "Conoce más aquí",
              "type": "web_url",
              "url": "https://www.corporacionbi.com/gt/bancoindustrial/reinicio-de-contrasena",
            },
          ],
          "image_url": "http://www.bi-social.com/clubbi/wp-content/uploads/2020/04/Reinicio-contraseña-BEL.jpg",
          "subtitle": "Aprende cómo reiniciar tu contraseña.",
          "title": "Reinicio de contraseña desde Bi en Línea",
        },
      ],
      "response_index": 1,
      "response_type": "carousel",
    },
    Object {
      "response_type": "pause",
      "time": 10000,
      "typing": true,
    },
  ],
}
`;
