// Jest Snapshot v1, https://goo.gl/fbAQLP

exports[`Prestamos de vehiculos 1`] = `
Object {
  "actions": Array [],
  "components": Array [
    Object {
      "buttonType": "web_url",
      "buttons": Array [
        Object {
          "title": "Aquí",
          "url": " https://blog.corporacionbi.com/crediauto-en-linea-banco-industrial",
        },
      ],
      "response_index": 0,
      "response_type": "button",
      "text": "Los requisitos para optar a un crédito de vehículo son: 
  *  Constancia de ingresos
  *  Fotocopia DPI
  *  Copia del carné del NIT
  *  Últimos 3 estados de cuenta donde refleje tus ingresos
  *  Recibo de servicios (agua, luz o teléfono - no celular -) de los últimos 3 meses

 Cotiza y solicita tu préstamo ",
    },
    Object {
      "response_type": "pause",
      "time": 10000,
      "typing": true,
    },
  ],
}
`;
